<html>
<body>
<pre>
<h1>µVision Build Log</h1>
<h2>Tool Versions:</h2>
IDE-Version: µVision V5.38.0.0
Copyright (C) 2022 ARM Ltd and ARM Germany GmbH. All rights reserved.
License Information: Md. Meherab Hossain, BUET, LIC=----
 
Tool Versions:
Toolchain:       MDK-Lite  Version: 5.38.0.0
Toolchain Path:  C:\Keil_v5\ARM\ARMCLANG\Bin
C Compiler:      ArmClang.exe V6.19
Assembler:       Armasm.exe V6.19
Linker/Locator:  ArmLink.exe V6.19
Library Manager: ArmAr.exe V6.19
Hex Converter:   FromElf.exe V6.19
CPU DLL:         SARMCM3.DLL V5.38.0.0
Dialog DLL:      DCM.DLL V1.17.5.0
Target DLL:      STLink\ST-LINKIII-KEIL_SWO.dll V3.1.0.0
Dialog DLL:      TCM.DLL V1.56.4.0
 
<h2>Project:</h2>
E:\Level 4 Term 1\EEE 416 Lab\Exp_3_Base_Code\3.2 Base LED Fade - Copy\DSMCprojecttemplate1.uvprojx
Project File Date:  07/08/2023

<h2>Output:</h2>
*** Using Compiler 'V6.19', folder: 'C:\Keil_v5\ARM\ARMCLANG\Bin'
Rebuild target 'Target 1'
compiling system_stm32f4xx.c...
main.c(27): warning: a function declaration without a prototype is deprecated in all versions of C [-Wstrict-prototypes]
static void LED_Pin_Init(){
                        ^
                         void
main.c(28): warning: // comments are not allowed in this language [-Wcomment]
          RCC->AHB1ENR          |= RCC_AHB1ENR_GPIOAEN;             // Enable GPIOA clock
                                                                    ^
main.c(31): warning: implicit conversion changes signedness: 'int' to 'unsigned int' [-Wsign-conversion]
                LED_PORT->MODER         &= ~(0x03 << (2*LED_PIN));                      // Clear bits
                                        ~~ ^~~~~~~~~~~~~~~~~~~~~~
main.c(34): warning: implicit conversion changes signedness: 'int' to 'unsigned int' [-Wsign-conversion]
                LED_PORT->AFR[0]        &= ~(0xF << (4*LED_PIN));         //    AF 1 = TIM2_CH1
                                        ~~ ^~~~~~~~~~~~~~~~~~~~~
main.c(38): warning: implicit conversion changes signedness: 'int' to 'unsigned int' [-Wsign-conversion]
                LED_PORT->OSPEEDR  &= ~(0x03<<(2*LED_PIN));                             // Speed mask
                                   ~~ ^~~~~~~~~~~~~~~~~~~~
main.c(41): warning: implicit conversion changes signedness: 'int' to 'unsigned int' [-Wsign-conversion]
                LED_PORT->PUPDR    &= ~(0x03<<(2*LED_PIN));                     // No PUPD(00, reset), Pullup(01), Pulldown(10), Reserved (11)
                                   ~~ ^~~~~~~~~~~~~~~~~~~~
main.c(46): warning: a function declaration without a prototype is deprecated in all versions of C [-Wstrict-prototypes]
static void configure_PUSH_pin(){
                              ^
                               void
main.c(69): warning: a function declaration without a prototype is deprecated in all versions of C [-Wstrict-prototypes]
static void TIM2_CH1_Init(){
                         ^
                          void
main.c(123): warning: implicit conversion changes signedness: 'int' to 'uint32_t' (aka 'unsigned int') [-Wsign-conversion]
                        TIM2->CCR1 = n; 
                                   ~ ^
main.c(100): warning: unused variable 'i' [-Wunused-variable]
                int i;
                    ^
main.c(102): warning: unused variable 'delay' [-Wunused-variable]
        int delay = 100;
            ^
main.c(97): warning: unused variable 'brightness' [-Wunused-variable]
static int brightness = 0;
           ^
12 warnings generated.
compiling main.c...
assembling startup_stm32f446xx.s...
linking...
Program Size: Code=816 RO-data=468 RW-data=0 ZI-data=1632  
".\Objects\try2.axf" - 0 Error(s), 12 Warning(s).

<h2>Software Packages used:</h2>

Package Vendor: ARM
                http://www.keil.com/pack/ARM.CMSIS.5.9.0.pack
                ARM.CMSIS.5.9.0
                CMSIS (Common Microcontroller Software Interface Standard)
   * Component: CORE Version: 5.6.0

Package Vendor: Keil
                https://www.keil.com/pack/Keil.STM32F4xx_DFP.2.17.0.pack
                Keil.STM32F4xx_DFP.2.17.0
                STMicroelectronics STM32F4 Series Device Support, Drivers and Examples
   * Component: Startup Version: 2.6.3

<h2>Collection of Component include folders:</h2>
  ./RTE/_Target_1
  C:/Users/Meherab Hossain/AppData/Local/Arm/Packs/ARM/CMSIS/5.9.0/CMSIS/Core/Include
  C:/Users/Meherab Hossain/AppData/Local/Arm/Packs/Keil/STM32F4xx_DFP/2.17.0/Drivers/CMSIS/Device/ST/STM32F4xx/Include

<h2>Collection of Component Files used:</h2>

   * Component: ARM::CMSIS:CORE:5.6.0

   * Component: Keil::Device:Startup:2.6.3
      Source file:   Drivers/CMSIS/Device/ST/STM32F4xx/Source/Templates/system_stm32f4xx.c
      Include file:  Drivers/CMSIS/Device/ST/STM32F4xx/Include/stm32f4xx.h
      Source file:   MDK/Device/Source/ARM/STM32F4xx_OTP.s
      Source file:   MDK/Device/Source/ARM/STM32F446xx_OPT.s
      Source file:   Drivers/CMSIS/Device/ST/STM32F4xx/Source/Templates/arm/startup_stm32f446xx.s
Build Time Elapsed:  00:00:01
</pre>
</body>
</html>
