<html>
<body>
<pre>
<h1>µVision Build Log</h1>
<h2>Tool Versions:</h2>
IDE-Version: µVision V5.38.0.0
Copyright (C) 2022 ARM Ltd and ARM Germany GmbH. All rights reserved.
License Information: Alamgir Hossain, BUET, LIC=----
 
Tool Versions:
Toolchain:       MDK-Lite  Version: 5.38.0.0
Toolchain Path:  C:\Keil_v5\ARM\ARMCLANG\Bin
C Compiler:      ArmClang.exe V6.19
Assembler:       Armasm.exe V6.19
Linker/Locator:  ArmLink.exe V6.19
Library Manager: ArmAr.exe V6.19
Hex Converter:   FromElf.exe V6.19
CPU DLL:         SARMCM3.DLL V5.38.0.0
Dialog DLL:      DCM.DLL V1.17.5.0
Target DLL:      STLink\ST-LINKIII-KEIL_SWO.dll V3.1.0.0
Dialog DLL:      TCM.DLL V1.56.4.0
 
<h2>Project:</h2>
E:\Level-4 Term-1\EEE 416 -Lab\Experiments\exp - 02\stepper_half\DSMCprojecttemplate1.uvprojx
Project File Date:  06/17/2023

<h2>Output:</h2>
*** Using Compiler 'V6.19', folder: 'C:\Keil_v5\ARM\ARMCLANG\Bin'
Build target 'Target 1'
main.c(31): warning: a function declaration without a prototype is deprecated in all versions of C [-Wstrict-prototypes]
static void enable_HSI(){
                      ^
                       void
main.c(36): warning: // comments are not allowed in this language [-Wcomment]
        // Regulator voltage scaling output selection: Scale 2 
        ^
main.c(106): warning: a function declaration without a prototype is deprecated in all versions of C [-Wstrict-prototypes]
static void configure_STEPPER_pin(){
                                 ^
                                  void
main.c(151): warning: a function declaration without a prototype is deprecated in all versions of C [-Wstrict-prototypes]
static void turn_on_A1(){
                      ^
                       void
main.c(155): warning: a function declaration without a prototype is deprecated in all versions of C [-Wstrict-prototypes]
static void turn_on_B1(){
                      ^
                       void
main.c(158): warning: a function declaration without a prototype is deprecated in all versions of C [-Wstrict-prototypes]
static void turn_on_A2(){
                      ^
                       void
main.c(162): warning: a function declaration without a prototype is deprecated in all versions of C [-Wstrict-prototypes]
static void turn_on_B2(){
                      ^
                       void
main.c(167): warning: a function declaration without a prototype is deprecated in all versions of C [-Wstrict-prototypes]
static void turn_off_A1(){
                       ^
                        void
main.c(170): warning: a function declaration without a prototype is deprecated in all versions of C [-Wstrict-prototypes]
static void turn_off_B1(){
                       ^
                        void
main.c(173): warning: a function declaration without a prototype is deprecated in all versions of C [-Wstrict-prototypes]
static void turn_off_A2(){
                       ^
                        void
main.c(176): warning: a function declaration without a prototype is deprecated in all versions of C [-Wstrict-prototypes]
static void turn_off_B2(){
                       ^
                        void
main.c(202): warning: for loop has empty body [-Wempty-body]
                for(i=0; i<delay; i++); // simple delay
                                      ^
main.c(202): note: put the semicolon on a separate line to silence this warning
main.c(215): warning: for loop has empty body [-Wempty-body]
                for(i=0; i<delay; i++); // simple delay
                                      ^
main.c(215): note: put the semicolon on a separate line to silence this warning
main.c(221): warning: for loop has empty body [-Wempty-body]
                for(i=0; i<delay; i++); // simple delay
                                      ^
main.c(221): note: put the semicolon on a separate line to silence this warning
main.c(228): warning: for loop has empty body [-Wempty-body]
                for(i=0; i<delay; i++); // simple delay
                                      ^
main.c(228): note: put the semicolon on a separate line to silence this warning
main.c(234): warning: for loop has empty body [-Wempty-body]
                for(i=0; i<delay; i++); // simple delay
                                      ^
main.c(234): note: put the semicolon on a separate line to silence this warning
main.c(241): warning: for loop has empty body [-Wempty-body]
                for(i=0; i<delay; i++); // simple delay
                                      ^
main.c(241): note: put the semicolon on a separate line to silence this warning
main.c(247): warning: for loop has empty body [-Wempty-body]
                for(i=0; i<delay; i++); // simple delay
                                      ^
main.c(247): note: put the semicolon on a separate line to silence this warning
18 warnings generated.
compiling main.c...
linking...
Program Size: Code=1412 RO-data=468 RW-data=0 ZI-data=1632  
".\Objects\try2.axf" - 0 Error(s), 18 Warning(s).

<h2>Software Packages used:</h2>

Package Vendor: ARM
                http://www.keil.com/pack/ARM.CMSIS.5.9.0.pack
                ARM.CMSIS.5.9.0
                CMSIS (Common Microcontroller Software Interface Standard)
   * Component: CORE Version: 5.6.0

Package Vendor: Keil
                https://www.keil.com/pack/Keil.STM32F4xx_DFP.2.17.0.pack
                Keil.STM32F4xx_DFP.2.17.0
                STMicroelectronics STM32F4 Series Device Support, Drivers and Examples
   * Component: Startup Version: 2.6.3

<h2>Collection of Component include folders:</h2>
  ./RTE/_Target_1
  C:/Users/User/AppData/Local/Arm/Packs/ARM/CMSIS/5.9.0/CMSIS/Core/Include
  C:/Users/User/AppData/Local/Arm/Packs/Keil/STM32F4xx_DFP/2.17.0/Drivers/CMSIS/Device/ST/STM32F4xx/Include

<h2>Collection of Component Files used:</h2>

   * Component: ARM::CMSIS:CORE:5.6.0

   * Component: Keil::Device:Startup:2.6.3
      Source file:   MDK/Device/Source/ARM/STM32F4xx_OTP.s
      Include file:  Drivers/CMSIS/Device/ST/STM32F4xx/Include/stm32f4xx.h
      Source file:   Drivers/CMSIS/Device/ST/STM32F4xx/Source/Templates/arm/startup_stm32f446xx.s
      Source file:   MDK/Device/Source/ARM/STM32F446xx_OPT.s
      Source file:   Drivers/CMSIS/Device/ST/STM32F4xx/Source/Templates/system_stm32f4xx.c
Build Time Elapsed:  00:00:00
</pre>
</body>
</html>
